// Jest Snapshot v1, https://goo.gl/fbAQLP

exports[`Given a Footer component then it should match the snapshot 1`] = `
<footer
  className="sc-hKwDye gEnURZ"
>
  <div
    className="sc-bdvvtL fdCMAt menu-container unactive"
    data-testid="onclick"
    onClick={[Function]}
    title="onclick"
  >
    <ul
      className="sc-gsDKAQ cdBSrP"
      title="menuList"
    >
      <li>
        <div
          className="sc-dkPtRN EebdW"
        >
          <a
            href="/calendar"
            onClick={[Function]}
            title="calendar"
          >
            Calendar
          </a>
        </div>
      </li>
      <li>
        <div
          className="sc-dkPtRN EebdW"
        >
          <a
            href="/sessions"
            onClick={[Function]}
          >
            Sessions
          </a>
        </div>
      </li>
      <li>
        <div
          className="sc-dkPtRN EebdW"
        >
          <a
            href="/patients"
            onClick={[Function]}
          >
            Patients
          </a>
        </div>
      </li>
      <li>
        <div
          className="sc-dkPtRN EebdW"
        >
          <a
            href="/login"
            onClick={[Function]}
          >
            Login
          </a>
        </div>
      </li>
      <li>
        <div
          className="sc-dkPtRN EebdW"
        >
          <a
            href="/newsession"
            onClick={[Function]}
          >
            Create Session
          </a>
        </div>
      </li>
    </ul>
     
  </div>
  <h4
    className="sc-eCImPb kurszg"
  >
    MENU
  </h4>
  <img
    alt="Nicest Shrink Logo"
    className="sc-jRQBWg frKrjU"
    onClick={[Function]}
    src="logo.png"
  />
</footer>
`;
